============================= test session starts ==============================
platform darwin -- Python 3.12.12, pytest-9.0.2, pluggy-1.6.0
rootdir: /Users/ck/Project/doit/rag-ingestion
configfile: pyproject.toml
plugins: anyio-4.12.1, langsmith-0.6.4, asyncio-1.3.0
asyncio: mode=Mode.STRICT, debug=False, asyncio_default_fixture_loop_scope=None, asyncio_default_test_loop_scope=function
collected 222 items / 16 errors

==================================== ERRORS ====================================
___________ ERROR collecting tests/integration/api/admin/test_rag.py ___________
.venv/lib/python3.12/site-packages/_pytest/python.py:507: in importtestmodule
    mod = import_path(
.venv/lib/python3.12/site-packages/_pytest/pathlib.py:587: in import_path
    importlib.import_module(module_name)
../../../.local/share/uv/python/cpython-3.12.12-macos-x86_64-none/lib/python3.12/importlib/__init__.py:90: in import_module
    return _bootstrap._gcd_import(name[level:], package, level)
           ^^^^^^^^^^^^^^^^^^^^^^^^^^^^^^^^^^^^^^^^^^^^^^^^^^^^
<frozen importlib._bootstrap>:1387: in _gcd_import
    ???
<frozen importlib._bootstrap>:1360: in _find_and_load
    ???
<frozen importlib._bootstrap>:1331: in _find_and_load_unlocked
    ???
<frozen importlib._bootstrap>:935: in _load_unlocked
    ???
.venv/lib/python3.12/site-packages/_pytest/assertion/rewrite.py:197: in exec_module
    exec(co, module.__dict__)
tests/integration/api/admin/test_rag.py:6: in <module>
    from app.interfaces.api.main import app
app/interfaces/api/main.py:9: in <module>
    from app.interfaces.api.dependencies import get_ingestion_service, get_repository, get_scraper
E     File "/Users/ck/Project/doit/rag-ingestion/app/interfaces/api/dependencies.py", line 145
E       chunker: Annotated[Chunker, Depends(get_chunker)],
E       ^^^^^^^^^^^^^^^^^^^^^^^^^^^^^^^^^^^^^^^^^^^^^^^^^
E   SyntaxError: duplicate argument 'chunker' in function definition
_________ ERROR collecting tests/integration/api/admin/test_storage.py _________
.venv/lib/python3.12/site-packages/_pytest/python.py:507: in importtestmodule
    mod = import_path(
.venv/lib/python3.12/site-packages/_pytest/pathlib.py:587: in import_path
    importlib.import_module(module_name)
../../../.local/share/uv/python/cpython-3.12.12-macos-x86_64-none/lib/python3.12/importlib/__init__.py:90: in import_module
    return _bootstrap._gcd_import(name[level:], package, level)
           ^^^^^^^^^^^^^^^^^^^^^^^^^^^^^^^^^^^^^^^^^^^^^^^^^^^^
<frozen importlib._bootstrap>:1387: in _gcd_import
    ???
<frozen importlib._bootstrap>:1360: in _find_and_load
    ???
<frozen importlib._bootstrap>:1331: in _find_and_load_unlocked
    ???
<frozen importlib._bootstrap>:935: in _load_unlocked
    ???
.venv/lib/python3.12/site-packages/_pytest/assertion/rewrite.py:197: in exec_module
    exec(co, module.__dict__)
tests/integration/api/admin/test_storage.py:4: in <module>
    from app.interfaces.api.main import app
app/interfaces/api/main.py:9: in <module>
    from app.interfaces.api.dependencies import get_ingestion_service, get_repository, get_scraper
E     File "/Users/ck/Project/doit/rag-ingestion/app/interfaces/api/dependencies.py", line 145
E       chunker: Annotated[Chunker, Depends(get_chunker)],
E       ^^^^^^^^^^^^^^^^^^^^^^^^^^^^^^^^^^^^^^^^^^^^^^^^^
E   SyntaxError: duplicate argument 'chunker' in function definition
___________ ERROR collecting tests/integration/bdd/test_chunking.py ____________
.venv/lib/python3.12/site-packages/_pytest/python.py:507: in importtestmodule
    mod = import_path(
.venv/lib/python3.12/site-packages/_pytest/pathlib.py:587: in import_path
    importlib.import_module(module_name)
../../../.local/share/uv/python/cpython-3.12.12-macos-x86_64-none/lib/python3.12/importlib/__init__.py:90: in import_module
    return _bootstrap._gcd_import(name[level:], package, level)
           ^^^^^^^^^^^^^^^^^^^^^^^^^^^^^^^^^^^^^^^^^^^^^^^^^^^^
<frozen importlib._bootstrap>:1387: in _gcd_import
    ???
<frozen importlib._bootstrap>:1360: in _find_and_load
    ???
<frozen importlib._bootstrap>:1331: in _find_and_load_unlocked
    ???
<frozen importlib._bootstrap>:935: in _load_unlocked
    ???
.venv/lib/python3.12/site-packages/_pytest/assertion/rewrite.py:197: in exec_module
    exec(co, module.__dict__)
tests/integration/bdd/test_chunking.py:7: in <module>
    from app.interfaces.api.dependencies import get_repository
E     File "/Users/ck/Project/doit/rag-ingestion/app/interfaces/api/dependencies.py", line 145
E       chunker: Annotated[Chunker, Depends(get_chunker)],
E       ^^^^^^^^^^^^^^^^^^^^^^^^^^^^^^^^^^^^^^^^^^^^^^^^^
E   SyntaxError: duplicate argument 'chunker' in function definition
__________ ERROR collecting tests/integration/bdd/test_edge_cases.py ___________
.venv/lib/python3.12/site-packages/_pytest/python.py:507: in importtestmodule
    mod = import_path(
.venv/lib/python3.12/site-packages/_pytest/pathlib.py:587: in import_path
    importlib.import_module(module_name)
../../../.local/share/uv/python/cpython-3.12.12-macos-x86_64-none/lib/python3.12/importlib/__init__.py:90: in import_module
    return _bootstrap._gcd_import(name[level:], package, level)
           ^^^^^^^^^^^^^^^^^^^^^^^^^^^^^^^^^^^^^^^^^^^^^^^^^^^^
<frozen importlib._bootstrap>:1387: in _gcd_import
    ???
<frozen importlib._bootstrap>:1360: in _find_and_load
    ???
<frozen importlib._bootstrap>:1331: in _find_and_load_unlocked
    ???
<frozen importlib._bootstrap>:935: in _load_unlocked
    ???
.venv/lib/python3.12/site-packages/_pytest/assertion/rewrite.py:197: in exec_module
    exec(co, module.__dict__)
tests/integration/bdd/test_edge_cases.py:10: in <module>
    from app.interfaces.api.main import app
app/interfaces/api/main.py:9: in <module>
    from app.interfaces.api.dependencies import get_ingestion_service, get_repository, get_scraper
E     File "/Users/ck/Project/doit/rag-ingestion/app/interfaces/api/dependencies.py", line 145
E       chunker: Annotated[Chunker, Depends(get_chunker)],
E       ^^^^^^^^^^^^^^^^^^^^^^^^^^^^^^^^^^^^^^^^^^^^^^^^^
E   SyntaxError: duplicate argument 'chunker' in function definition
_____ ERROR collecting tests/integration/bdd/test_entity_relationships.py ______
.venv/lib/python3.12/site-packages/_pytest/python.py:507: in importtestmodule
    mod = import_path(
.venv/lib/python3.12/site-packages/_pytest/pathlib.py:587: in import_path
    importlib.import_module(module_name)
../../../.local/share/uv/python/cpython-3.12.12-macos-x86_64-none/lib/python3.12/importlib/__init__.py:90: in import_module
    return _bootstrap._gcd_import(name[level:], package, level)
           ^^^^^^^^^^^^^^^^^^^^^^^^^^^^^^^^^^^^^^^^^^^^^^^^^^^^
<frozen importlib._bootstrap>:1387: in _gcd_import
    ???
<frozen importlib._bootstrap>:1360: in _find_and_load
    ???
<frozen importlib._bootstrap>:1331: in _find_and_load_unlocked
    ???
<frozen importlib._bootstrap>:935: in _load_unlocked
    ???
.venv/lib/python3.12/site-packages/_pytest/assertion/rewrite.py:197: in exec_module
    exec(co, module.__dict__)
tests/integration/bdd/test_entity_relationships.py:15: in <module>
    from app.interfaces.api.dependencies import get_scraper
E     File "/Users/ck/Project/doit/rag-ingestion/app/interfaces/api/dependencies.py", line 145
E       chunker: Annotated[Chunker, Depends(get_chunker)],
E       ^^^^^^^^^^^^^^^^^^^^^^^^^^^^^^^^^^^^^^^^^^^^^^^^^
E   SyntaxError: duplicate argument 'chunker' in function definition
_________ ERROR collecting tests/integration/bdd/test_failure_flows.py _________
.venv/lib/python3.12/site-packages/_pytest/python.py:507: in importtestmodule
    mod = import_path(
.venv/lib/python3.12/site-packages/_pytest/pathlib.py:587: in import_path
    importlib.import_module(module_name)
../../../.local/share/uv/python/cpython-3.12.12-macos-x86_64-none/lib/python3.12/importlib/__init__.py:90: in import_module
    return _bootstrap._gcd_import(name[level:], package, level)
           ^^^^^^^^^^^^^^^^^^^^^^^^^^^^^^^^^^^^^^^^^^^^^^^^^^^^
<frozen importlib._bootstrap>:1387: in _gcd_import
    ???
<frozen importlib._bootstrap>:1360: in _find_and_load
    ???
<frozen importlib._bootstrap>:1331: in _find_and_load_unlocked
    ???
<frozen importlib._bootstrap>:935: in _load_unlocked
    ???
.venv/lib/python3.12/site-packages/_pytest/assertion/rewrite.py:197: in exec_module
    exec(co, module.__dict__)
tests/integration/bdd/test_failure_flows.py:11: in <module>
    from app.interfaces.api.main import app
app/interfaces/api/main.py:9: in <module>
    from app.interfaces.api.dependencies import get_ingestion_service, get_repository, get_scraper
E     File "/Users/ck/Project/doit/rag-ingestion/app/interfaces/api/dependencies.py", line 145
E       chunker: Annotated[Chunker, Depends(get_chunker)],
E       ^^^^^^^^^^^^^^^^^^^^^^^^^^^^^^^^^^^^^^^^^^^^^^^^^
E   SyntaxError: duplicate argument 'chunker' in function definition
_________ ERROR collecting tests/integration/bdd/test_success_flows.py _________
.venv/lib/python3.12/site-packages/_pytest/python.py:507: in importtestmodule
    mod = import_path(
.venv/lib/python3.12/site-packages/_pytest/pathlib.py:587: in import_path
    importlib.import_module(module_name)
../../../.local/share/uv/python/cpython-3.12.12-macos-x86_64-none/lib/python3.12/importlib/__init__.py:90: in import_module
    return _bootstrap._gcd_import(name[level:], package, level)
           ^^^^^^^^^^^^^^^^^^^^^^^^^^^^^^^^^^^^^^^^^^^^^^^^^^^^
<frozen importlib._bootstrap>:1387: in _gcd_import
    ???
<frozen importlib._bootstrap>:1360: in _find_and_load
    ???
<frozen importlib._bootstrap>:1331: in _find_and_load_unlocked
    ???
<frozen importlib._bootstrap>:935: in _load_unlocked
    ???
.venv/lib/python3.12/site-packages/_pytest/assertion/rewrite.py:197: in exec_module
    exec(co, module.__dict__)
tests/integration/bdd/test_success_flows.py:13: in <module>
    from app.interfaces.api.main import app
app/interfaces/api/main.py:9: in <module>
    from app.interfaces.api.dependencies import get_ingestion_service, get_repository, get_scraper
E     File "/Users/ck/Project/doit/rag-ingestion/app/interfaces/api/dependencies.py", line 145
E       chunker: Annotated[Chunker, Depends(get_chunker)],
E       ^^^^^^^^^^^^^^^^^^^^^^^^^^^^^^^^^^^^^^^^^^^^^^^^^
E   SyntaxError: duplicate argument 'chunker' in function definition
__________ ERROR collecting tests/integration/tdd/test_api_ingest.py ___________
.venv/lib/python3.12/site-packages/_pytest/python.py:507: in importtestmodule
    mod = import_path(
.venv/lib/python3.12/site-packages/_pytest/pathlib.py:587: in import_path
    importlib.import_module(module_name)
../../../.local/share/uv/python/cpython-3.12.12-macos-x86_64-none/lib/python3.12/importlib/__init__.py:90: in import_module
    return _bootstrap._gcd_import(name[level:], package, level)
           ^^^^^^^^^^^^^^^^^^^^^^^^^^^^^^^^^^^^^^^^^^^^^^^^^^^^
<frozen importlib._bootstrap>:1387: in _gcd_import
    ???
<frozen importlib._bootstrap>:1360: in _find_and_load
    ???
<frozen importlib._bootstrap>:1331: in _find_and_load_unlocked
    ???
<frozen importlib._bootstrap>:935: in _load_unlocked
    ???
.venv/lib/python3.12/site-packages/_pytest/assertion/rewrite.py:197: in exec_module
    exec(co, module.__dict__)
tests/integration/tdd/test_api_ingest.py:15: in <module>
    from app.interfaces.api.dependencies import get_repository
E     File "/Users/ck/Project/doit/rag-ingestion/app/interfaces/api/dependencies.py", line 145
E       chunker: Annotated[Chunker, Depends(get_chunker)],
E       ^^^^^^^^^^^^^^^^^^^^^^^^^^^^^^^^^^^^^^^^^^^^^^^^^
E   SyntaxError: duplicate argument 'chunker' in function definition
_________ ERROR collecting tests/integration/tdd/test_async_ingest.py __________
.venv/lib/python3.12/site-packages/_pytest/python.py:507: in importtestmodule
    mod = import_path(
.venv/lib/python3.12/site-packages/_pytest/pathlib.py:587: in import_path
    importlib.import_module(module_name)
../../../.local/share/uv/python/cpython-3.12.12-macos-x86_64-none/lib/python3.12/importlib/__init__.py:90: in import_module
    return _bootstrap._gcd_import(name[level:], package, level)
           ^^^^^^^^^^^^^^^^^^^^^^^^^^^^^^^^^^^^^^^^^^^^^^^^^^^^
<frozen importlib._bootstrap>:1387: in _gcd_import
    ???
<frozen importlib._bootstrap>:1360: in _find_and_load
    ???
<frozen importlib._bootstrap>:1331: in _find_and_load_unlocked
    ???
<frozen importlib._bootstrap>:935: in _load_unlocked
    ???
.venv/lib/python3.12/site-packages/_pytest/assertion/rewrite.py:197: in exec_module
    exec(co, module.__dict__)
tests/integration/tdd/test_async_ingest.py:14: in <module>
    from app.interfaces.api.dependencies import get_ingestion_service
E     File "/Users/ck/Project/doit/rag-ingestion/app/interfaces/api/dependencies.py", line 145
E       chunker: Annotated[Chunker, Depends(get_chunker)],
E       ^^^^^^^^^^^^^^^^^^^^^^^^^^^^^^^^^^^^^^^^^^^^^^^^^
E   SyntaxError: duplicate argument 'chunker' in function definition
_____________ ERROR collecting tests/integration/tdd/test_jobs.py ______________
.venv/lib/python3.12/site-packages/_pytest/python.py:507: in importtestmodule
    mod = import_path(
.venv/lib/python3.12/site-packages/_pytest/pathlib.py:587: in import_path
    importlib.import_module(module_name)
../../../.local/share/uv/python/cpython-3.12.12-macos-x86_64-none/lib/python3.12/importlib/__init__.py:90: in import_module
    return _bootstrap._gcd_import(name[level:], package, level)
           ^^^^^^^^^^^^^^^^^^^^^^^^^^^^^^^^^^^^^^^^^^^^^^^^^^^^
<frozen importlib._bootstrap>:1387: in _gcd_import
    ???
<frozen importlib._bootstrap>:1360: in _find_and_load
    ???
<frozen importlib._bootstrap>:1331: in _find_and_load_unlocked
    ???
<frozen importlib._bootstrap>:935: in _load_unlocked
    ???
.venv/lib/python3.12/site-packages/_pytest/assertion/rewrite.py:197: in exec_module
    exec(co, module.__dict__)
tests/integration/tdd/test_jobs.py:15: in <module>
    from app.interfaces.api.dependencies import get_ingestion_service, get_job_repository
E     File "/Users/ck/Project/doit/rag-ingestion/app/interfaces/api/dependencies.py", line 145
E       chunker: Annotated[Chunker, Depends(get_chunker)],
E       ^^^^^^^^^^^^^^^^^^^^^^^^^^^^^^^^^^^^^^^^^^^^^^^^^
E   SyntaxError: duplicate argument 'chunker' in function definition
__________ ERROR collecting tests/integration/test_filtered_search.py __________
.venv/lib/python3.12/site-packages/_pytest/python.py:507: in importtestmodule
    mod = import_path(
.venv/lib/python3.12/site-packages/_pytest/pathlib.py:587: in import_path
    importlib.import_module(module_name)
../../../.local/share/uv/python/cpython-3.12.12-macos-x86_64-none/lib/python3.12/importlib/__init__.py:90: in import_module
    return _bootstrap._gcd_import(name[level:], package, level)
           ^^^^^^^^^^^^^^^^^^^^^^^^^^^^^^^^^^^^^^^^^^^^^^^^^^^^
<frozen importlib._bootstrap>:1387: in _gcd_import
    ???
<frozen importlib._bootstrap>:1360: in _find_and_load
    ???
<frozen importlib._bootstrap>:1331: in _find_and_load_unlocked
    ???
<frozen importlib._bootstrap>:935: in _load_unlocked
    ???
.venv/lib/python3.12/site-packages/_pytest/assertion/rewrite.py:197: in exec_module
    exec(co, module.__dict__)
tests/integration/test_filtered_search.py:7: in <module>
    from app.interfaces.api.dependencies import get_neo4j_driver
E     File "/Users/ck/Project/doit/rag-ingestion/app/interfaces/api/dependencies.py", line 145
E       chunker: Annotated[Chunker, Depends(get_chunker)],
E       ^^^^^^^^^^^^^^^^^^^^^^^^^^^^^^^^^^^^^^^^^^^^^^^^^
E   SyntaxError: duplicate argument 'chunker' in function definition
_________ ERROR collecting tests/integration/test_hybrid_retrieval.py __________
.venv/lib/python3.12/site-packages/_pytest/python.py:507: in importtestmodule
    mod = import_path(
.venv/lib/python3.12/site-packages/_pytest/pathlib.py:587: in import_path
    importlib.import_module(module_name)
../../../.local/share/uv/python/cpython-3.12.12-macos-x86_64-none/lib/python3.12/importlib/__init__.py:90: in import_module
    return _bootstrap._gcd_import(name[level:], package, level)
           ^^^^^^^^^^^^^^^^^^^^^^^^^^^^^^^^^^^^^^^^^^^^^^^^^^^^
<frozen importlib._bootstrap>:1387: in _gcd_import
    ???
<frozen importlib._bootstrap>:1360: in _find_and_load
    ???
<frozen importlib._bootstrap>:1331: in _find_and_load_unlocked
    ???
<frozen importlib._bootstrap>:935: in _load_unlocked
    ???
.venv/lib/python3.12/site-packages/_pytest/assertion/rewrite.py:197: in exec_module
    exec(co, module.__dict__)
tests/integration/test_hybrid_retrieval.py:6: in <module>
    from app.interfaces.api.dependencies import get_neo4j_driver
E     File "/Users/ck/Project/doit/rag-ingestion/app/interfaces/api/dependencies.py", line 145
E       chunker: Annotated[Chunker, Depends(get_chunker)],
E       ^^^^^^^^^^^^^^^^^^^^^^^^^^^^^^^^^^^^^^^^^^^^^^^^^
E   SyntaxError: duplicate argument 'chunker' in function definition
___________ ERROR collecting tests/integration/test_integrity_api.py ___________
.venv/lib/python3.12/site-packages/_pytest/python.py:507: in importtestmodule
    mod = import_path(
.venv/lib/python3.12/site-packages/_pytest/pathlib.py:587: in import_path
    importlib.import_module(module_name)
../../../.local/share/uv/python/cpython-3.12.12-macos-x86_64-none/lib/python3.12/importlib/__init__.py:90: in import_module
    return _bootstrap._gcd_import(name[level:], package, level)
           ^^^^^^^^^^^^^^^^^^^^^^^^^^^^^^^^^^^^^^^^^^^^^^^^^^^^
<frozen importlib._bootstrap>:1387: in _gcd_import
    ???
<frozen importlib._bootstrap>:1360: in _find_and_load
    ???
<frozen importlib._bootstrap>:1331: in _find_and_load_unlocked
    ???
<frozen importlib._bootstrap>:935: in _load_unlocked
    ???
.venv/lib/python3.12/site-packages/_pytest/assertion/rewrite.py:197: in exec_module
    exec(co, module.__dict__)
tests/integration/test_integrity_api.py:7: in <module>
    from app.interfaces.api.dependencies import get_integrity_service
E     File "/Users/ck/Project/doit/rag-ingestion/app/interfaces/api/dependencies.py", line 145
E       chunker: Annotated[Chunker, Depends(get_chunker)],
E       ^^^^^^^^^^^^^^^^^^^^^^^^^^^^^^^^^^^^^^^^^^^^^^^^^
E   SyntaxError: duplicate argument 'chunker' in function definition
_______ ERROR collecting tests/integration/test_neo4j_graph_retrieval.py _______
.venv/lib/python3.12/site-packages/_pytest/python.py:507: in importtestmodule
    mod = import_path(
.venv/lib/python3.12/site-packages/_pytest/pathlib.py:587: in import_path
    importlib.import_module(module_name)
../../../.local/share/uv/python/cpython-3.12.12-macos-x86_64-none/lib/python3.12/importlib/__init__.py:90: in import_module
    return _bootstrap._gcd_import(name[level:], package, level)
           ^^^^^^^^^^^^^^^^^^^^^^^^^^^^^^^^^^^^^^^^^^^^^^^^^^^^
<frozen importlib._bootstrap>:1387: in _gcd_import
    ???
<frozen importlib._bootstrap>:1360: in _find_and_load
    ???
<frozen importlib._bootstrap>:1331: in _find_and_load_unlocked
    ???
<frozen importlib._bootstrap>:935: in _load_unlocked
    ???
.venv/lib/python3.12/site-packages/_pytest/assertion/rewrite.py:197: in exec_module
    exec(co, module.__dict__)
tests/integration/test_neo4j_graph_retrieval.py:5: in <module>
    from app.interfaces.api.dependencies import get_neo4j_driver
E     File "/Users/ck/Project/doit/rag-ingestion/app/interfaces/api/dependencies.py", line 145
E       chunker: Annotated[Chunker, Depends(get_chunker)],
E       ^^^^^^^^^^^^^^^^^^^^^^^^^^^^^^^^^^^^^^^^^^^^^^^^^
E   SyntaxError: duplicate argument 'chunker' in function definition
_________ ERROR collecting tests/integration/test_neo4j_repository.py __________
.venv/lib/python3.12/site-packages/_pytest/python.py:507: in importtestmodule
    mod = import_path(
.venv/lib/python3.12/site-packages/_pytest/pathlib.py:587: in import_path
    importlib.import_module(module_name)
../../../.local/share/uv/python/cpython-3.12.12-macos-x86_64-none/lib/python3.12/importlib/__init__.py:90: in import_module
    return _bootstrap._gcd_import(name[level:], package, level)
           ^^^^^^^^^^^^^^^^^^^^^^^^^^^^^^^^^^^^^^^^^^^^^^^^^^^^
<frozen importlib._bootstrap>:1387: in _gcd_import
    ???
<frozen importlib._bootstrap>:1360: in _find_and_load
    ???
<frozen importlib._bootstrap>:1331: in _find_and_load_unlocked
    ???
<frozen importlib._bootstrap>:935: in _load_unlocked
    ???
.venv/lib/python3.12/site-packages/_pytest/assertion/rewrite.py:197: in exec_module
    exec(co, module.__dict__)
tests/integration/test_neo4j_repository.py:7: in <module>
    from app.interfaces.api.dependencies import get_neo4j_driver
E     File "/Users/ck/Project/doit/rag-ingestion/app/interfaces/api/dependencies.py", line 145
E       chunker: Annotated[Chunker, Depends(get_chunker)],
E       ^^^^^^^^^^^^^^^^^^^^^^^^^^^^^^^^^^^^^^^^^^^^^^^^^
E   SyntaxError: duplicate argument 'chunker' in function definition
__________ ERROR collecting tests/unit/interfaces/test_mcp_server.py ___________
ImportError while importing test module '/Users/ck/Project/doit/rag-ingestion/tests/unit/interfaces/test_mcp_server.py'.
Hint: make sure your test modules/packages have valid Python names.
Traceback:
../../../.local/share/uv/python/cpython-3.12.12-macos-x86_64-none/lib/python3.12/importlib/__init__.py:90: in import_module
    return _bootstrap._gcd_import(name[level:], package, level)
           ^^^^^^^^^^^^^^^^^^^^^^^^^^^^^^^^^^^^^^^^^^^^^^^^^^^^
tests/unit/interfaces/test_mcp_server.py:5: in <module>
    from app.interfaces.mcp.server import ingest_url, search_knowledge_base
app/interfaces/mcp/server.py:5: in <module>
    from app.application.services.ingestion import Ingestion
E   ImportError: cannot import name 'Ingestion' from 'app.application.services.ingestion' (/Users/ck/Project/doit/rag-ingestion/app/application/services/ingestion.py)
=============================== warnings summary ===============================
app/domain/entities/job.py:15
  /Users/ck/Project/doit/rag-ingestion/app/domain/entities/job.py:15: PydanticDeprecatedSince20: Support for class-based `config` is deprecated, use ConfigDict instead. Deprecated in Pydantic V2.0 to be removed in V3.0. See Pydantic V2 Migration Guide at https://errors.pydantic.dev/2.12/migration/
    class IngestionJob(BaseModel):

app/domain/entities/document.py:10
  /Users/ck/Project/doit/rag-ingestion/app/domain/entities/document.py:10: PydanticDeprecatedSince20: Support for class-based `config` is deprecated, use ConfigDict instead. Deprecated in Pydantic V2.0 to be removed in V3.0. See Pydantic V2 Migration Guide at https://errors.pydantic.dev/2.12/migration/
    class Document(BaseModel):

<frozen importlib._bootstrap>:488
<frozen importlib._bootstrap>:488
  <frozen importlib._bootstrap>:488: DeprecationWarning: builtin type SwigPyPacked has no __module__ attribute

<frozen importlib._bootstrap>:488
<frozen importlib._bootstrap>:488
  <frozen importlib._bootstrap>:488: DeprecationWarning: builtin type SwigPyObject has no __module__ attribute

<frozen importlib._bootstrap>:488
  <frozen importlib._bootstrap>:488: DeprecationWarning: builtin type swigvarlink has no __module__ attribute

tests/integration/bdd/test_high_priority_scenarios.py:48
  /Users/ck/Project/doit/rag-ingestion/tests/integration/bdd/test_high_priority_scenarios.py:48: PytestUnknownMarkWarning: Unknown pytest.mark.integration - is this a typo?  You can register custom marks to avoid this warning - for details, see https://docs.pytest.org/en/stable/how-to/mark.html
    @pytest.mark.integration

tests/integration/bdd/test_high_priority_scenarios.py:71
  /Users/ck/Project/doit/rag-ingestion/tests/integration/bdd/test_high_priority_scenarios.py:71: PytestUnknownMarkWarning: Unknown pytest.mark.integration - is this a typo?  You can register custom marks to avoid this warning - for details, see https://docs.pytest.org/en/stable/how-to/mark.html
    @pytest.mark.integration

tests/integration/bdd/test_intent_routing.py:34
  /Users/ck/Project/doit/rag-ingestion/tests/integration/bdd/test_intent_routing.py:34: PytestUnknownMarkWarning: Unknown pytest.mark.integration - is this a typo?  You can register custom marks to avoid this warning - for details, see https://docs.pytest.org/en/stable/how-to/mark.html
    @pytest.mark.integration

tests/integration/bdd/test_intent_routing.py:64
  /Users/ck/Project/doit/rag-ingestion/tests/integration/bdd/test_intent_routing.py:64: PytestUnknownMarkWarning: Unknown pytest.mark.integration - is this a typo?  You can register custom marks to avoid this warning - for details, see https://docs.pytest.org/en/stable/how-to/mark.html
    @pytest.mark.integration

tests/integration/bdd/test_intent_routing.py:89
  /Users/ck/Project/doit/rag-ingestion/tests/integration/bdd/test_intent_routing.py:89: PytestUnknownMarkWarning: Unknown pytest.mark.integration - is this a typo?  You can register custom marks to avoid this warning - for details, see https://docs.pytest.org/en/stable/how-to/mark.html
    @pytest.mark.integration

tests/integration/bdd/test_intent_routing.py:122
  /Users/ck/Project/doit/rag-ingestion/tests/integration/bdd/test_intent_routing.py:122: PytestUnknownMarkWarning: Unknown pytest.mark.integration - is this a typo?  You can register custom marks to avoid this warning - for details, see https://docs.pytest.org/en/stable/how-to/mark.html
    @pytest.mark.integration

tests/integration/bdd/test_intent_routing.py:153
  /Users/ck/Project/doit/rag-ingestion/tests/integration/bdd/test_intent_routing.py:153: PytestUnknownMarkWarning: Unknown pytest.mark.integration - is this a typo?  You can register custom marks to avoid this warning - for details, see https://docs.pytest.org/en/stable/how-to/mark.html
    @pytest.mark.integration

tests/integration/bdd/test_knowledge_graph.py:23
  /Users/ck/Project/doit/rag-ingestion/tests/integration/bdd/test_knowledge_graph.py:23: PytestUnknownMarkWarning: Unknown pytest.mark.integration - is this a typo?  You can register custom marks to avoid this warning - for details, see https://docs.pytest.org/en/stable/how-to/mark.html
    @pytest.mark.integration

tests/integration/bdd/test_knowledge_graph.py:69
  /Users/ck/Project/doit/rag-ingestion/tests/integration/bdd/test_knowledge_graph.py:69: PytestUnknownMarkWarning: Unknown pytest.mark.integration - is this a typo?  You can register custom marks to avoid this warning - for details, see https://docs.pytest.org/en/stable/how-to/mark.html
    @pytest.mark.integration

tests/integration/bdd/test_knowledge_graph.py:99
  /Users/ck/Project/doit/rag-ingestion/tests/integration/bdd/test_knowledge_graph.py:99: PytestUnknownMarkWarning: Unknown pytest.mark.integration - is this a typo?  You can register custom marks to avoid this warning - for details, see https://docs.pytest.org/en/stable/how-to/mark.html
    @pytest.mark.integration

tests/integration/bdd/test_rag_graph_flow.py:18
  /Users/ck/Project/doit/rag-ingestion/tests/integration/bdd/test_rag_graph_flow.py:18: PytestUnknownMarkWarning: Unknown pytest.mark.integration - is this a typo?  You can register custom marks to avoid this warning - for details, see https://docs.pytest.org/en/stable/how-to/mark.html
    @pytest.mark.integration

tests/integration/test_chroma_repository.py:58
  /Users/ck/Project/doit/rag-ingestion/tests/integration/test_chroma_repository.py:58: PytestUnknownMarkWarning: Unknown pytest.mark.integration - is this a typo?  You can register custom marks to avoid this warning - for details, see https://docs.pytest.org/en/stable/how-to/mark.html
    @pytest.mark.integration

tests/integration/test_query_rewrite_flow.py:13
  /Users/ck/Project/doit/rag-ingestion/tests/integration/test_query_rewrite_flow.py:13: PytestUnknownMarkWarning: Unknown pytest.mark.integration - is this a typo?  You can register custom marks to avoid this warning - for details, see https://docs.pytest.org/en/stable/how-to/mark.html
    @pytest.mark.integration

-- Docs: https://docs.pytest.org/en/stable/how-to/capture-warnings.html
=========================== short test summary info ============================
ERROR tests/integration/api/admin/test_rag.py
ERROR tests/integration/api/admin/test_storage.py
ERROR tests/integration/bdd/test_chunking.py
ERROR tests/integration/bdd/test_edge_cases.py
ERROR tests/integration/bdd/test_entity_relationships.py
ERROR tests/integration/bdd/test_failure_flows.py
ERROR tests/integration/bdd/test_success_flows.py
ERROR tests/integration/tdd/test_api_ingest.py
ERROR tests/integration/tdd/test_async_ingest.py
ERROR tests/integration/tdd/test_jobs.py
ERROR tests/integration/test_filtered_search.py
ERROR tests/integration/test_hybrid_retrieval.py
ERROR tests/integration/test_integrity_api.py
ERROR tests/integration/test_neo4j_graph_retrieval.py
ERROR tests/integration/test_neo4j_repository.py
ERROR tests/unit/interfaces/test_mcp_server.py
!!!!!!!!!!!!!!!!!!! Interrupted: 16 errors during collection !!!!!!!!!!!!!!!!!!!
======================= 20 warnings, 16 errors in 5.97s ========================
sys:1: DeprecationWarning: builtin type swigvarlink has no __module__ attribute
